Calling "C:\desenvolvimento\jboss-eap-7.4\bin\standalone.conf.bat"
Setting JAVA property to "C:\Program Files (x86)\Java\jdk1.8.0_201\bin\java"
===============================================================================

  JBoss Bootstrap Environment

  JBOSS_HOME: "C:\desenvolvimento\jboss-eap-7.4"

  JAVA: "C:\Program Files (x86)\Java\jdk1.8.0_201\bin\java"

  JAVA_OPTS: "-client -Dprogram.name=standalone.bat -Xms1G -Xmx1G -XX:MetaspaceSize=96M -XX:MaxMetaspaceSize=256m -Djava.net.preferIPv4Stack=true -Djboss.modules.system.pkgs=org.jboss.byteman -verbose:gc -Xloggc:"C:\Users\RHUANE~1\AppData\Local\Temp\tcc-jboss-medicao-pre-migracao-547a809f93254b8db59b22401ee59228\log\gc.log" -XX:+PrintGCDetails -XX:+PrintGCDateStamps -XX:+UseGCLogFileRotation -XX:NumberOfGCLogFiles=5 -XX:GCLogFileSize=3M -XX:-TraceClassUnloading "

===============================================================================

18:11:32,799 INFO  [org.jboss.modules] (main) JBoss Modules version 1.11.0.Final-redhat-00001
18:11:33,284 INFO  [org.jboss.msc] (main) JBoss MSC version 1.4.12.Final-redhat-00001
18:11:33,290 INFO  [org.jboss.threads] (main) JBoss Threads version 2.4.0.Final-redhat-00001
18:11:33,349 INFO  [org.jboss.as] (MSC service thread 1-2) WFLYSRV0049: JBoss EAP 7.4.0.GA (WildFly Core 15.0.2.Final-redhat-00001) starting
18:11:33,654 INFO  [org.wildfly.security] (ServerService Thread Pool -- 28) ELY00001: WildFly Elytron version 1.15.3.Final-redhat-00001
18:11:33,778 INFO  [org.jboss.as.controller.management-deprecated] (ServerService Thread Pool -- 26) WFLYCTL0033: Extension 'security' is deprecated and may not be supported in future versions
18:11:33,876 INFO  [org.jboss.as.controller.management-deprecated] (Controller Boot Thread) WFLYCTL0028: Attribute 'security-realm' in the resource at address '/core-service=management/management-interface=http-interface' is deprecated, and may be removed in a future version. See the attribute description in the output of the read-resource-description operation to learn more about the deprecation.
18:11:33,887 INFO  [org.jboss.as.controller.management-deprecated] (ServerService Thread Pool -- 30) WFLYCTL0028: Attribute 'security-realm' in the resource at address '/subsystem=undertow/server=default-server/https-listener=https' is deprecated, and may be removed in a future version. See the attribute description in the output of the read-resource-description operation to learn more about the deprecation.
18:11:33,987 INFO  [org.jboss.as.repository] (ServerService Thread Pool -- 34) WFLYDR0001: Content added at location C:\Users\RHUANE~1\AppData\Local\Temp\tcc-jboss-medicao-pre-migracao-547a809f93254b8db59b22401ee59228\data\content\60\a64530481eaa98d080a4f42a604f834fc3797a\content
18:11:33,999 INFO  [org.jboss.as.server] (Controller Boot Thread) WFLYSRV0039: Creating http management service using socket-binding (management-http)
18:11:34,008 INFO  [org.xnio] (MSC service thread 1-5) XNIO version 3.8.4.Final-redhat-00001
18:11:34,012 INFO  [org.xnio.nio] (MSC service thread 1-5) XNIO NIO Implementation Version 3.8.4.Final-redhat-00001
18:11:34,024 INFO  [org.jboss.as.clustering.infinispan] (ServerService Thread Pool -- 50) WFLYCLINF0001: Activating Infinispan subsystem.
18:11:34,024 INFO  [org.wildfly.extension.health] (ServerService Thread Pool -- 49) WFLYHEALTH0001: Activating Base Health Subsystem
18:11:34,031 INFO  [org.wildfly.extension.io] (ServerService Thread Pool -- 51) WFLYIO001: Worker 'default' has auto-configured to 24 IO threads with 192 max task threads based on your 12 available processors
18:11:34,035 INFO  [org.jboss.as.connector] (MSC service thread 1-3) WFLYJCA0009: Starting Jakarta Connectors Subsystem (WildFly/IronJacamar 1.4.30.Final-redhat-00001)
18:11:34,036 INFO  [org.jboss.as.jsf] (ServerService Thread Pool -- 57) WFLYJSF0007: Activated the following Jakarta Server Faces Implementations: [main]
18:11:34,041 INFO  [org.wildfly.extension.metrics] (ServerService Thread Pool -- 59) WFLYMETRICS0001: Activating Base Metrics Subsystem
18:11:34,041 INFO  [org.jboss.as.naming] (ServerService Thread Pool -- 60) WFLYNAM0001: Activating Naming Subsystem
18:11:34,049 INFO  [org.jboss.as.jaxrs] (ServerService Thread Pool -- 52) WFLYRS0016: RESTEasy version 3.15.1.Final-redhat-00001
18:11:34,052 INFO  [org.jboss.as.connector.subsystems.datasources] (ServerService Thread Pool -- 41) WFLYJCA0005: Deploying non-JDBC-compliant driver class org.postgresql.Driver (version 42.7)
18:11:34,054 INFO  [org.jboss.as.connector.deployers.jdbc] (MSC service thread 1-2) WFLYJCA0018: Started Driver service with driver-name = postgresql
18:11:34,058 INFO  [org.jboss.as.naming] (MSC service thread 1-6) WFLYNAM0003: Starting Naming Service
18:11:34,059 INFO  [org.jboss.as.webservices] (ServerService Thread Pool -- 70) WFLYWS0002: Activating WebServices Extension
18:11:34,058 INFO  [org.jboss.remoting] (MSC service thread 1-8) JBoss Remoting version 5.0.20.SP1-redhat-00001
18:11:34,058 WARN  [org.jboss.as.txn] (ServerService Thread Pool -- 68) WFLYTX0013: The node-identifier attribute on the /subsystem=transactions is set to the default value. This is a danger for environments running multiple servers. Please make sure the attribute value is unique.
18:11:34,058 INFO  [org.jboss.as.mail.extension] (MSC service thread 1-2) WFLYMAIL0001: Bound mail session [java:jboss/mail/Default]
18:11:34,066 INFO  [org.jboss.as.security] (ServerService Thread Pool -- 66) WFLYSEC0002: Activating Security Subsystem
18:11:34,069 WARN  [org.wildfly.extension.elytron] (MSC service thread 1-2) WFLYELY00023: KeyStore file 'C:\Users\RHUANE~1\AppData\Local\Temp\tcc-jboss-medicao-pre-migracao-547a809f93254b8db59b22401ee59228\configuration\application.keystore' does not exist. Used blank.
18:11:34,070 INFO  [org.jboss.as.security] (MSC service thread 1-6) WFLYSEC0001: Current PicketBox version=5.0.3.Final-redhat-00007
18:11:34,089 INFO  [org.jboss.as.ejb3] (MSC service thread 1-2) WFLYEJB0481: Strict pool slsb-strict-max-pool is using a max instance size of 192 (per class), which is derived from thread worker pool sizing.
18:11:34,089 INFO  [org.jboss.as.ejb3] (MSC service thread 1-3) WFLYEJB0482: Strict pool mdb-strict-max-pool is using a max instance size of 48 (per class), which is derived from the number of CPUs on this host.
18:11:34,091 INFO  [org.wildfly.extension.undertow] (MSC service thread 1-5) WFLYUT0003: Undertow 2.2.5.Final-redhat-00001 starting
18:11:34,091 WARN  [org.wildfly.extension.elytron] (MSC service thread 1-2) WFLYELY01084: KeyStore C:\Users\RHUANE~1\AppData\Local\Temp\tcc-jboss-medicao-pre-migracao-547a809f93254b8db59b22401ee59228\configuration\application.keystore not found, it will be auto generated on first use with a self-signed certificate for host localhost
18:11:34,106 INFO  [org.wildfly.extension.undertow] (ServerService Thread Pool -- 69) WFLYUT0014: Creating file handler for path 'C:\desenvolvimento\jboss-eap-7.4/welcome-content' with options [directory-listing: 'false', follow-symlink: 'false', case-sensitive: 'true', safe-symlink-paths: '[]']
18:11:34,121 INFO  [org.wildfly.extension.undertow] (MSC service thread 1-3) WFLYUT0012: Started server default-server.
18:11:34,122 INFO  [org.wildfly.extension.undertow] (MSC service thread 1-5) Queuing requests.
18:11:34,123 INFO  [org.wildfly.extension.undertow] (MSC service thread 1-5) WFLYUT0018: Host default-host starting
18:11:34,211 INFO  [org.jboss.as.patching] (MSC service thread 1-3) WFLYPAT0050: JBoss EAP cumulative patch ID is: base, one-off patches include: none
18:11:34,216 WARN  [org.jboss.as.domain.management.security] (MSC service thread 1-8) WFLYDM0111: Keystore C:\Users\RHUANE~1\AppData\Local\Temp\tcc-jboss-medicao-pre-migracao-547a809f93254b8db59b22401ee59228\configuration\application.keystore not found, it will be auto generated on first use with a self signed certificate for host localhost
18:11:34,218 INFO  [org.jboss.as.server.deployment.scanner] (MSC service thread 1-8) WFLYDS0013: Started FileSystemDeploymentService for directory C:\Users\RHUANE~1\AppData\Local\Temp\tcc-jboss-medicao-pre-migracao-547a809f93254b8db59b22401ee59228\deployments
18:11:34,222 INFO  [org.jboss.as.server.deployment] (MSC service thread 1-5) WFLYSRV0027: Starting deployment of "monolito-biblioteca.war" (runtime-name: "monolito-biblioteca.war")
18:11:34,537 INFO  [org.wildfly.extension.undertow] (MSC service thread 1-2) WFLYUT0006: Undertow HTTP listener default listening on 127.0.0.1:18080
18:11:34,600 INFO  [org.jboss.as.ejb3] (MSC service thread 1-7) WFLYEJB0493: Jakarta Enterprise Beans subsystem suspension complete
18:11:34,616 INFO  [org.wildfly.extension.undertow] (MSC service thread 1-6) WFLYUT0006: Undertow HTTPS listener https listening on 127.0.0.1:8443
18:11:34,625 INFO  [org.jboss.as.connector.subsystems.datasources] (MSC service thread 1-4) WFLYJCA0001: Bound data source [java:/PostgresDS]
18:11:34,646 INFO  [org.jboss.ws.common.management] (MSC service thread 1-6) JBWS022052: Starting JBossWS 5.4.2.Final-redhat-00001 (Apache CXF 3.3.9.redhat-00001) 
18:11:35,944 INFO  [org.jboss.weld.deployer] (MSC service thread 1-2) WFLYWELD0003: Processing weld deployment monolito-biblioteca.war
18:11:35,984 INFO  [org.hibernate.validator.internal.util.Version] (MSC service thread 1-2) HV000001: Hibernate Validator 6.0.22.Final-redhat-00002
18:11:36,045 INFO  [org.jboss.as.ejb3.deployment] (MSC service thread 1-2) WFLYEJB0473: JNDI bindings for session bean named 'LivroEJB' in deployment unit 'deployment "monolito-biblioteca.war"' are as follows:

	java:global/monolito-biblioteca/LivroEJB!tcc.legado.ejb.livro.ILivroEJB
	java:app/monolito-biblioteca/LivroEJB!tcc.legado.ejb.livro.ILivroEJB
	java:module/LivroEJB!tcc.legado.ejb.livro.ILivroEJB
	java:global/monolito-biblioteca/LivroEJB
	java:app/monolito-biblioteca/LivroEJB
	java:module/LivroEJB

18:11:36,045 INFO  [org.jboss.as.ejb3.deployment] (MSC service thread 1-2) WFLYEJB0473: JNDI bindings for session bean named 'LivroDestaqueEJB' in deployment unit 'deployment "monolito-biblioteca.war"' are as follows:

	java:global/monolito-biblioteca/LivroDestaqueEJB!tcc.legado.ejb.destaque.ILivroDestaqueEJB
	java:app/monolito-biblioteca/LivroDestaqueEJB!tcc.legado.ejb.destaque.ILivroDestaqueEJB
	java:module/LivroDestaqueEJB!tcc.legado.ejb.destaque.ILivroDestaqueEJB
	java:global/monolito-biblioteca/LivroDestaqueEJB
	java:app/monolito-biblioteca/LivroDestaqueEJB
	java:module/LivroDestaqueEJB

18:11:36,046 INFO  [org.jboss.as.ejb3.deployment] (MSC service thread 1-2) WFLYEJB0473: JNDI bindings for session bean named 'QuartzInitializer' in deployment unit 'deployment "monolito-biblioteca.war"' are as follows:

	java:global/monolito-biblioteca/QuartzInitializer!tcc.legado.job.QuartzInitializer
	java:app/monolito-biblioteca/QuartzInitializer!tcc.legado.job.QuartzInitializer
	java:module/QuartzInitializer!tcc.legado.job.QuartzInitializer
	java:global/monolito-biblioteca/QuartzInitializer
	java:app/monolito-biblioteca/QuartzInitializer
	java:module/QuartzInitializer

18:11:36,046 INFO  [org.jboss.as.ejb3.deployment] (MSC service thread 1-2) WFLYEJB0473: JNDI bindings for session bean named 'EmprestimoEJB' in deployment unit 'deployment "monolito-biblioteca.war"' are as follows:

	java:global/monolito-biblioteca/EmprestimoEJB!tcc.legado.ejb.emprestimo.IEmprestimoEJB
	java:app/monolito-biblioteca/EmprestimoEJB!tcc.legado.ejb.emprestimo.IEmprestimoEJB
	java:module/EmprestimoEJB!tcc.legado.ejb.emprestimo.IEmprestimoEJB
	java:global/monolito-biblioteca/EmprestimoEJB
	java:app/monolito-biblioteca/EmprestimoEJB
	java:module/EmprestimoEJB

18:11:36,046 INFO  [org.jboss.as.ejb3.deployment] (MSC service thread 1-2) WFLYEJB0473: JNDI bindings for session bean named 'UsuarioEJB' in deployment unit 'deployment "monolito-biblioteca.war"' are as follows:

	java:global/monolito-biblioteca/UsuarioEJB!tcc.legado.ejb.usuario.IUsuarioEJB
	java:app/monolito-biblioteca/UsuarioEJB!tcc.legado.ejb.usuario.IUsuarioEJB
	java:module/UsuarioEJB!tcc.legado.ejb.usuario.IUsuarioEJB
	java:global/monolito-biblioteca/UsuarioEJB
	java:app/monolito-biblioteca/UsuarioEJB
	java:module/UsuarioEJB

18:11:36,046 INFO  [org.jboss.as.ejb3.deployment] (MSC service thread 1-2) WFLYEJB0473: JNDI bindings for session bean named 'AuthEJB' in deployment unit 'deployment "monolito-biblioteca.war"' are as follows:

	java:global/monolito-biblioteca/AuthEJB!tcc.legado.ejb.auth.IAuthEJB
	java:app/monolito-biblioteca/AuthEJB!tcc.legado.ejb.auth.IAuthEJB
	java:module/AuthEJB!tcc.legado.ejb.auth.IAuthEJB
	java:global/monolito-biblioteca/AuthEJB
	java:app/monolito-biblioteca/AuthEJB
	java:module/AuthEJB

18:11:36,179 INFO  [org.jboss.as.connector.deployers.jdbc] (MSC service thread 1-2) WFLYJCA0005: Deploying non-JDBC-compliant driver class org.postgresql.Driver (version 42.7)
18:11:36,194 INFO  [org.jboss.weld.Version] (MSC service thread 1-2) WELD-000900: 3.1.6 (redhat)
18:11:36,227 INFO  [org.jboss.as.connector.deployers.jdbc] (MSC service thread 1-7) WFLYJCA0018: Started Driver service with driver-name = monolito-biblioteca.war_org.postgresql.Driver_42_7
18:11:36,245 INFO  [org.infinispan.CONTAINER] (ServerService Thread Pool -- 72) ISPN000128: Infinispan version: Red Hat Data Grid 'Infinispan 11.0.9.Final-redhat-00001' 8.1.1.GA
18:11:36,264 INFO  [org.infinispan.CONFIG] (MSC service thread 1-1) ISPN000152: Passivation configured without an eviction policy being selected. Only manually evicted entities will be passivated.
18:11:36,265 INFO  [org.infinispan.CONFIG] (MSC service thread 1-1) ISPN000152: Passivation configured without an eviction policy being selected. Only manually evicted entities will be passivated.
18:11:36,308 INFO  [org.infinispan.PERSISTENCE] (ServerService Thread Pool -- 72) ISPN000556: Starting user marshaller 'org.wildfly.clustering.infinispan.spi.marshalling.InfinispanProtoStreamMarshaller'
18:11:36,472 INFO  [org.jboss.as.clustering.infinispan] (ServerService Thread Pool -- 72) WFLYCLINF0002: Started http-remoting-connector cache from ejb container
18:11:36,572 INFO  [tcc.legado.job.QuartzInitializer] (ServerService Thread Pool -- 82) Inicializando Quartz Scheduler...
18:11:36,589 INFO  [org.quartz.impl.StdSchedulerFactory] (ServerService Thread Pool -- 82) Using default implementation for ThreadExecutor
18:11:36,590 INFO  [org.quartz.simpl.SimpleThreadPool] (ServerService Thread Pool -- 82) Job execution threads will use class loader of thread: ServerService Thread Pool -- 82
18:11:36,599 INFO  [org.quartz.core.SchedulerSignalerImpl] (ServerService Thread Pool -- 82) Initialized Scheduler Signaller of type: class org.quartz.core.SchedulerSignalerImpl
18:11:36,599 INFO  [org.quartz.core.QuartzScheduler] (ServerService Thread Pool -- 82) Quartz Scheduler v.2.3.2 created.
18:11:36,600 INFO  [org.quartz.simpl.RAMJobStore] (ServerService Thread Pool -- 82) RAMJobStore initialized.
18:11:36,600 INFO  [org.quartz.core.QuartzScheduler] (ServerService Thread Pool -- 82) Scheduler meta-data: Quartz Scheduler (v2.3.2) 'DefaultQuartzScheduler' with instanceId 'NON_CLUSTERED'
  Scheduler class: 'org.quartz.core.QuartzScheduler' - running locally.
  NOT STARTED.
  Currently in standby mode.
  Number of jobs executed: 0
  Using thread pool 'org.quartz.simpl.SimpleThreadPool' - with 10 threads.
  Using job-store 'org.quartz.simpl.RAMJobStore' - which does not support persistence. and is not clustered.

18:11:36,600 INFO  [org.quartz.impl.StdSchedulerFactory] (ServerService Thread Pool -- 82) Quartz scheduler 'DefaultQuartzScheduler' initialized from default resource file in Quartz package: 'quartz.properties'
18:11:36,600 INFO  [org.quartz.impl.StdSchedulerFactory] (ServerService Thread Pool -- 82) Quartz scheduler version: 2.3.2
18:11:36,601 INFO  [org.quartz.core.QuartzScheduler] (ServerService Thread Pool -- 82) Scheduler DefaultQuartzScheduler_$_NON_CLUSTERED started.
18:11:36,601 INFO  [tcc.legado.job.QuartzInitializer] (ServerService Thread Pool -- 82) Quartz Scheduler iniciado com sucesso.
18:11:36,606 INFO  [tcc.legado.job.QuartzInitializer] (ServerService Thread Pool -- 82) Jobs agendados com sucesso!
18:11:36,663 INFO  [org.apache.struts.action.ActionServlet] (ServerService Thread Pool -- 82) Loading chain catalog from vfs:/C:/desenvolvimento/tcc-legado/content/monolito-biblioteca.war/WEB-INF/lib/struts-core-1.3.10.jar/org/apache/struts/chain/chain-config.xml
18:11:36,707 INFO  [org.wildfly.extension.undertow] (ServerService Thread Pool -- 82) WFLYUT0021: Registered web context: '/monolito-biblioteca' for server 'default-server'
18:11:36,732 INFO  [org.jboss.as.server] (ServerService Thread Pool -- 42) WFLYSRV0010: Deployed "monolito-biblioteca.war" (runtime-name : "monolito-biblioteca.war")
18:11:36,753 INFO  [org.jboss.as.server] (Controller Boot Thread) WFLYSRV0212: Resuming server
18:11:36,754 INFO  [org.jboss.as] (Controller Boot Thread) WFLYSRV0025: JBoss EAP 7.4.0.GA (WildFly Core 15.0.2.Final-redhat-00001) started in 4142ms - Started 1411 of 1611 services (348 services are lazy, passive or on-demand)
18:11:36,755 INFO  [org.jboss.as] (Controller Boot Thread) WFLYSRV0060: Http management interface listening on http://127.0.0.1:19990/management
18:11:36,756 INFO  [org.jboss.as] (Controller Boot Thread) WFLYSRV0051: Admin console listening on http://127.0.0.1:19990
18:11:38,707 INFO  [org.jboss.as.server] (management-handler-thread - 1) WFLYSRV0272: Suspending server
18:11:38,710 INFO  [org.jboss.as.ejb3] (management-handler-thread - 1) WFLYEJB0493: Jakarta Enterprise Beans subsystem suspension complete
18:11:38,712 INFO  [org.jboss.as.server] (Management Triggered Shutdown) WFLYSRV0241: Shutting down in response to management operation 'shutdown'
18:11:38,716 INFO  [org.jboss.as.connector.deployers.jdbc] (MSC service thread 1-1) WFLYJCA0019: Stopped Driver service with driver-name = monolito-biblioteca.war_org.postgresql.Driver_42_7
18:11:38,718 INFO  [org.jboss.as.connector.subsystems.datasources] (MSC service thread 1-8) WFLYJCA0010: Unbound data source [java:/PostgresDS]
18:11:38,720 INFO  [org.jboss.as.mail.extension] (MSC service thread 1-3) WFLYMAIL0002: Unbound mail session [java:jboss/mail/Default]
18:11:38,720 INFO  [org.wildfly.extension.undertow] (ServerService Thread Pool -- 82) WFLYUT0022: Unregistered web context: '/monolito-biblioteca' from server 'default-server'
18:11:38,723 INFO  [org.jboss.as.connector.deployers.jdbc] (MSC service thread 1-3) WFLYJCA0019: Stopped Driver service with driver-name = postgresql
18:11:38,729 INFO  [org.wildfly.extension.undertow] (MSC service thread 1-2) WFLYUT0019: Host default-host stopping
18:11:38,748 INFO  [org.wildfly.extension.undertow] (MSC service thread 1-6) WFLYUT0008: Undertow HTTPS listener https suspending
18:11:38,748 INFO  [org.wildfly.extension.undertow] (MSC service thread 1-1) WFLYUT0008: Undertow HTTP listener default suspending
18:11:38,748 INFO  [org.wildfly.extension.undertow] (MSC service thread 1-6) WFLYUT0007: Undertow HTTPS listener https stopped, was bound to 127.0.0.1:8443
18:11:38,750 INFO  [org.wildfly.extension.undertow] (MSC service thread 1-1) WFLYUT0007: Undertow HTTP listener default stopped, was bound to 127.0.0.1:18080
18:11:38,750 INFO  [org.wildfly.extension.undertow] (MSC service thread 1-7) WFLYUT0004: Undertow 2.2.5.Final-redhat-00001 stopping
18:11:38,765 INFO  [org.jboss.as.clustering.infinispan] (ServerService Thread Pool -- 2) WFLYCLINF0003: Stopped http-remoting-connector cache from ejb container
18:11:38,766 INFO  [org.infinispan.manager.DefaultCacheManager] (ServerService Thread Pool -- 2) Stopping cache manager null on null
18:11:39,115 INFO  [org.jboss.as.server.deployment] (MSC service thread 1-8) WFLYSRV0028: Stopped deployment monolito-biblioteca.war (runtime-name: monolito-biblioteca.war) in 397ms
18:11:39,120 INFO  [org.jboss.as] (MSC service thread 1-1) WFLYSRV0050: JBoss EAP 7.4.0.GA (WildFly Core 15.0.2.Final-redhat-00001) stopped in 404ms
